  Font: Malgun Gothic
  Mono : Consolas
2L-FEST v28.66 build 4296313f88f7 (2026-08-19)
2L-FEST PRO v5.0 -- Initializing...
  Mesh: 48623 nodes, 96328 tri (0.81s)
  Metal: 3671 nodes (7.5%)
{
  "budget": 20000,
  "nodes": 98433,
  "seconds": 1449.9,
  "eff": 30.734126256223647,
  "Voc": 1.9179160259560426,
  "FF": 82.47570887036262,
  "Jsc": 19.42966112022392,
  "d_eff_abs_pp": 0.0,
  "speedup": 0.99
}
{
  "budget": 40000,
  "nodes": 98433,
  "seconds": 1424.1,
  "eff": 30.734126256223647,
  "Voc": 1.9179160259560426,
  "FF": 82.47570887036262,
  "Jsc": 19.42966112022392,
  "d_eff_abs_pp": 0.0,
  "speedup": 1.0
}

=== MESH CONVERGENCE (design point 45 um / 1.40 mm, Run B) ===
  budget    nodes      sec      eff %   d_eff pp     Voc V     FF %  speedup
   20000    98433   1449.9    30.7341    +0.0000    1.9179  82.4757     0.99x
   40000    98433   1424.1    30.7341    +0.0000    1.9179  82.4757     1.00x
   98433    98433   1429.8    30.7341    +0.0000    1.9179  82.4757     1.00x   <- reference (budget 82000)
EXIT=0

[exited with code 0]
